== P1_RAW_MEDIAN_REPLAY_R1 ==
host: DESKTOP-QNAGSTI; utc: 2026-09-27T11:04:28Z
PKG=/home/yurig/nanolab-platform-sensitivity-r1/P1/package
analyzer: /home/yurig/nanolab-platform-sensitivity-r1/P1/package/convention/analyze_hinge.py
300ecd58703c50aa9e24976ab92e9aac61f9d60e49f18e68a58b131861f3ae60  /home/yurig/nanolab-platform-sensitivity-r1/P1/package/convention/analyze_hinge.py
RP=/home/yurig/nanolab-platform-sensitivity-r1/P1/analysis_replay_r1 (separate dir; original analysis/ untouched)
PLATSENS-P1-0B-S001 frames=50 last_step=40000000
analyze PLATSENS-P1-0B-S001 exit=0
PLATSENS-P1-0B-S002 frames=50 last_step=40000000
analyze PLATSENS-P1-0B-S002 exit=0
PLATSENS-P1-0B-S003 frames=50 last_step=40000000
analyze PLATSENS-P1-0B-S003 exit=0
PLATSENS-P1-0B-S004 frames=50 last_step=40000000
analyze PLATSENS-P1-0B-S004 exit=0
PLATSENS-P1-0B-S005 frames=50 last_step=40000000
analyze PLATSENS-P1-0B-S005 exit=0
PLATSENS-P1-0B-S006 frames=50 last_step=40000000
analyze PLATSENS-P1-0B-S006 exit=0
PLATSENS-P1-0B-S007 frames=50 last_step=40000000
analyze PLATSENS-P1-0B-S007 exit=0
PLATSENS-P1-0B-S008 frames=50 last_step=40000000
analyze PLATSENS-P1-0B-S008 exit=0
PLATSENS-P1-0B-S009-R21 frames=50 last_step=40000000
analyze PLATSENS-P1-0B-S009-R21 exit=0
PLATSENS-P1-0B-S010-R14 frames=50 last_step=40000000
analyze PLATSENS-P1-0B-S010-R14 exit=0
PLATSENS-P1-32B-S001-R14 frames=37 last_step=29600000
analyze PLATSENS-P1-32B-S001-R14 exit=0
PLATSENS-P1-32B-S002-R13 frames=37 last_step=29600000
analyze PLATSENS-P1-32B-S002-R13 exit=0
PLATSENS-P1-32B-S003-R13 frames=37 last_step=29600000
analyze PLATSENS-P1-32B-S003-R13 exit=0
PLATSENS-P1-32B-S004-R13 frames=37 last_step=29600000
analyze PLATSENS-P1-32B-S004-R13 exit=0
PLATSENS-P1-32B-S005-R13 frames=37 last_step=29600000
analyze PLATSENS-P1-32B-S005-R13 exit=0
PLATSENS-P1-32B-S006-R13 frames=37 last_step=29600000
analyze PLATSENS-P1-32B-S006-R13 exit=0
PLATSENS-P1-32B-S007 frames=37 last_step=29600000
analyze PLATSENS-P1-32B-S007 exit=0
PLATSENS-P1-32B-S008 frames=37 last_step=29600000
analyze PLATSENS-P1-32B-S008 exit=0
PLATSENS-P1-32B-S009 frames=37 last_step=29600000
analyze PLATSENS-P1-32B-S009 exit=0
PLATSENS-P1-32B-S010 frames=37 last_step=29600000
analyze PLATSENS-P1-32B-S010 exit=0
== MEDIAN COMPARISON (bit-exact string compare of replica_median_deg) ==
PLATSENS-P1-0B-S001: regen=67.070882863 committed=67.070882863 expected=67.070882863 VS_COMMITTED_BIT_EXACT=OK VS_TABLE=OK JSON_DIFF=/seed
PLATSENS-P1-0B-S002: regen=65.413594877 committed=65.413594877 expected=65.413594877 VS_COMMITTED_BIT_EXACT=OK VS_TABLE=OK JSON_DIFF=/seed
PLATSENS-P1-0B-S003: regen=68.744738874 committed=68.744738874 expected=68.744738874 VS_COMMITTED_BIT_EXACT=OK VS_TABLE=OK JSON_DIFF=/seed
PLATSENS-P1-0B-S004: regen=66.24673885 committed=66.24673885 expected=66.246738850 VS_COMMITTED_BIT_EXACT=OK VS_TABLE=OK [NOTATION_EQ: table=66.246738850 vs json=66.24673885] JSON_DIFF=/seed
PLATSENS-P1-0B-S005: regen=63.825786126 committed=63.825786126 expected=63.825786126 VS_COMMITTED_BIT_EXACT=OK VS_TABLE=OK JSON_DIFF=/seed
PLATSENS-P1-0B-S006: regen=67.141783719 committed=67.141783719 expected=67.141783719 VS_COMMITTED_BIT_EXACT=OK VS_TABLE=OK JSON_DIFF=/seed
PLATSENS-P1-0B-S007: regen=66.922485192 committed=66.922485192 expected=66.922485192 VS_COMMITTED_BIT_EXACT=OK VS_TABLE=OK JSON_DIFF=/seed
PLATSENS-P1-0B-S008: regen=67.61580222 committed=67.61580222 expected=67.615802220 VS_COMMITTED_BIT_EXACT=OK VS_TABLE=OK [NOTATION_EQ: table=67.615802220 vs json=67.61580222] JSON_DIFF=/seed
PLATSENS-P1-0B-S009-R21: regen=64.939909073 committed=64.939909073 expected=64.939909073 VS_COMMITTED_BIT_EXACT=OK VS_TABLE=OK JSON_DIFF=/seed
PLATSENS-P1-0B-S010-R14: regen=63.799736969 committed=63.799736969 expected=63.799736969 VS_COMMITTED_BIT_EXACT=OK VS_TABLE=OK JSON_DIFF=/seed
PLATSENS-P1-32B-S001-R14: regen=74.892180555 committed=74.892180555 expected=74.892180555 VS_COMMITTED_BIT_EXACT=OK VS_TABLE=OK JSON_DIFF=/seed
PLATSENS-P1-32B-S002-R13: regen=75.624640833 committed=75.624640833 expected=75.624640833 VS_COMMITTED_BIT_EXACT=OK VS_TABLE=OK JSON_DIFF=/seed
PLATSENS-P1-32B-S003-R13: regen=78.504573777 committed=78.504573777 expected=78.504573777 VS_COMMITTED_BIT_EXACT=OK VS_TABLE=OK JSON_DIFF=/seed
PLATSENS-P1-32B-S004-R13: regen=74.818110405 committed=74.818110405 expected=74.818110405 VS_COMMITTED_BIT_EXACT=OK VS_TABLE=OK JSON_DIFF=/seed
PLATSENS-P1-32B-S005-R13: regen=79.110521774 committed=79.110521774 expected=79.110521774 VS_COMMITTED_BIT_EXACT=OK VS_TABLE=OK JSON_DIFF=/seed
PLATSENS-P1-32B-S006-R13: regen=78.263485501 committed=78.263485501 expected=78.263485501 VS_COMMITTED_BIT_EXACT=OK VS_TABLE=OK JSON_DIFF=/seed
PLATSENS-P1-32B-S007: regen=74.398740326 committed=74.398740326 expected=74.398740326 VS_COMMITTED_BIT_EXACT=OK VS_TABLE=OK JSON_DIFF=/seed
PLATSENS-P1-32B-S008: regen=75.859814341 committed=75.859814341 expected=75.859814341 VS_COMMITTED_BIT_EXACT=OK VS_TABLE=OK JSON_DIFF=/seed
PLATSENS-P1-32B-S009: regen=76.227108343 committed=76.227108343 expected=76.227108343 VS_COMMITTED_BIT_EXACT=OK VS_TABLE=OK JSON_DIFF=/seed
PLATSENS-P1-32B-S010: regen=77.417657026 committed=77.417657026 expected=77.417657026 VS_COMMITTED_BIT_EXACT=OK VS_TABLE=OK JSON_DIFF=/seed
== SUMMARY ==
P1_RAW_ANALYSIS_REPLAY = 20/20 PASS
MEDIAN_MISMATCHES = 0
P1_RAW_MEDIAN_REPLAY: ALL PASS
== DONE rc=0 ==
