== P1_RAW_HASH_REPLAY_R1 ==
host: DESKTOP-QNAGSTI; utc: 2026-09-27T04:15:20Z
WS=/home/yurig/nanolab-platform-sensitivity-r1/P1
PKG=/home/yurig/nanolab-platform-sensitivity-r1/P1/package
REPO=/mnt/c/NanoLab/nl5-002-e-platform-r1
== PIN CHECKS ==
package VERSION: 0.1.1
RELEASE_MANIFEST.json sha256: 88c1f58061f15fde44225900f0577acbf2634d3f4a75fb96a2cedca24fd1bfef
PIN package_manifest_sha256: OK
engine binary sha256: 363356b9789fab8e0dab314bd66f92dc0e3a7e2cb3810e24b031614cebb45058
PIN engine_binary_sha256: OK
== RAW HASH+SIZE REPLAY (disk vs digest JSON vs MD table) ==
SOURCE_CHECK digest_json_vs_md_table: AGREE (0 mismatches)
-- PLATSENS-P1-0B-S001 final=PLATSENS-P1-0B-S001
   trajectory.dat: sha256=07b2a08c322142b1768363baa567e382e8fb3e65a27d74e580e64e796ac93852 size=114715377 HASH=OK SIZE=OK
   hinge_energy.dat: sha256=d5a719abfe655606dd8c6748a124ed0de29a482f51994558aa03f42831af1ab0 size=98049 HASH=OK SIZE=OK
   last_conf.dat: sha256=78a1cd7d99c609e7b68ec5aeec149f51f3a749b685a93989ba5b1fb8827a602c size=2293667 HASH=OK SIZE=OK
-- PLATSENS-P1-0B-S002 final=PLATSENS-P1-0B-S002
   trajectory.dat: sha256=e0665e9d526fc9e1cdc520803fd431f7e5a3acdad095608fbddcd0b9306f8042 size=114713124 HASH=OK SIZE=OK
   hinge_energy.dat: sha256=d497f66e5608f9c71cf11ba483ec65276f6fe2feebb6a7477f38bac5920868cc size=98049 HASH=OK SIZE=OK
   last_conf.dat: sha256=85be7afa967416d04202730b9c067b4a10aa5b927d49587ff444373c6d9eb6b6 size=2294632 HASH=OK SIZE=OK
-- PLATSENS-P1-0B-S003 final=PLATSENS-P1-0B-S003
   trajectory.dat: sha256=1064c2931cb31fdee835e1d7696720558a7d387ba5c2766bbe994156661685ba size=114689001 HASH=OK SIZE=OK
   hinge_energy.dat: sha256=4e327476c99a1420891fbc62163d97751d43a5fcbf0d62a489ad887168b78e8d size=98049 HASH=OK SIZE=OK
   last_conf.dat: sha256=486bd3c03fb18ba47731623a0bac5f3671a4988d5ef25cc5e508b25a64770f37 size=2294034 HASH=OK SIZE=OK
-- PLATSENS-P1-0B-S004 final=PLATSENS-P1-0B-S004
   trajectory.dat: sha256=ccc6e0a58b435f43563f63e40a66c2919edfc98b95c64d4eeee320bc9ba5bb0f size=114694252 HASH=OK SIZE=OK
   hinge_energy.dat: sha256=0706e1bf0006bec5aeeb744580b038acc801007023e62e036ce74defe549f220 size=98049 HASH=OK SIZE=OK
   last_conf.dat: sha256=5ea92c6e81619540c7ae85d5f947ecb68ea82e1ca2d7a50e33dc0da25a495094 size=2293536 HASH=OK SIZE=OK
-- PLATSENS-P1-0B-S005 final=PLATSENS-P1-0B-S005
   trajectory.dat: sha256=54cae6f81f6ce81dfcf92d57d4e5bdceb2082f2e3a57e7d69ac8dc1e42d10d26 size=114673948 HASH=OK SIZE=OK
   hinge_energy.dat: sha256=b9a4b98827206e4cec12b8f1262aa1f35614ee2cc459bf857e5e69f59addceb5 size=98049 HASH=OK SIZE=OK
   last_conf.dat: sha256=ac34c1e51dd10db1488b67f9110fe7b4beb95c6546451bffbdea6bc67c68607a size=2293811 HASH=OK SIZE=OK
-- PLATSENS-P1-0B-S006 final=PLATSENS-P1-0B-S006
   trajectory.dat: sha256=510891af944cea32a93dce8e8fae19e2eeae5564d05cae1029e0df64af3d564a size=114698416 HASH=OK SIZE=OK
   hinge_energy.dat: sha256=006c187b714b7f92cef3fd8dfa93de6a9cd601ae59a927e8699b0ddfbc92eaa1 size=98049 HASH=OK SIZE=OK
   last_conf.dat: sha256=6414f2a411b5bdc34f4be430f0bf29a0fd09b68a83f182c925f8d81f24bcef46 size=2293157 HASH=OK SIZE=OK
-- PLATSENS-P1-0B-S007 final=PLATSENS-P1-0B-S007
   trajectory.dat: sha256=9b30dfc958fed62268e4cb063b4651efc2f06f2680a6361fffa4155cda886369 size=114708519 HASH=OK SIZE=OK
   hinge_energy.dat: sha256=bb598c45a0701ac372909d9ae473e09c0934793ddd638f239205af39b89e430a size=98049 HASH=OK SIZE=OK
   last_conf.dat: sha256=b88ac50775a3020c62e4a7b9b3dd65203573f1f1365ecc41e74c03d26689476f size=2293944 HASH=OK SIZE=OK
-- PLATSENS-P1-0B-S008 final=PLATSENS-P1-0B-S008
   trajectory.dat: sha256=68ece6bdf9961c7c9e38d0a4f9c3b99aafb63260d2fdf3f82e0c736befd2ec61 size=114689227 HASH=OK SIZE=OK
   hinge_energy.dat: sha256=6c7fb368fe083a4d25521d16bddc41664ab23444bfec248539c0fd2fd2e95435 size=98049 HASH=OK SIZE=OK
   last_conf.dat: sha256=ca8df360f11eff5f308df6a5f4666a866c010d645210c324692d0554134a00be size=2293898 HASH=OK SIZE=OK
-- PLATSENS-P1-0B-S009-R21 final=PLATSENS-P1-0B-S009-R21
   trajectory.dat: sha256=b6bc8b7d4c90b2b98006bf91dde36f606bc036b830928832f1bf95314d46deaf size=114687930 HASH=OK SIZE=OK
   hinge_energy.dat: sha256=3917721f8e5a4171d9b8234431a5d1dbad346efcb34a9a091a2781bc54683450 size=98049 HASH=OK SIZE=OK
   last_conf.dat: sha256=984393cd927ace5571ba7bb15335a3f02fb49d99c31c8546337e4734e553d29f size=2293474 HASH=OK SIZE=OK
-- PLATSENS-P1-0B-S010-R14 final=PLATSENS-P1-0B-S010-R14
   trajectory.dat: sha256=ca8ac0f9c15920d9af4deac0311eb7e474402ddb8076e99eeadc1b3af3a93535 size=114691501 HASH=OK SIZE=OK
   hinge_energy.dat: sha256=70b1a30d026ccaf8f335014120a47abe09a5ed2d34355a4d0d982f2350cea315 size=98049 HASH=OK SIZE=OK
   last_conf.dat: sha256=efac139e7532563ee256a8314efa4389b81c71723ec9f32e653c8b3cf67bce41 size=2293334 HASH=OK SIZE=OK
-- PLATSENS-P1-32B-S001-R14 final=PLATSENS-P1-32B-S001-R14
   trajectory.dat: sha256=03f27e852666283f8d73a404229172365b0d230ef564036e9366877fb8e362aa size=86775703 HASH=OK SIZE=OK
   hinge_energy.dat: sha256=83356ace1d93090e1d462a08d141589574719e6a23f698ff2ea07459b02e45e4 size=73549 HASH=OK SIZE=OK
   last_conf.dat: sha256=7876e2d62370a08c9cca574ee5b6740fa44a89415153fe8b594410ed13649439 size=2345871 HASH=OK SIZE=OK
-- PLATSENS-P1-32B-S002-R13 final=PLATSENS-P1-32B-S002-R13
   trajectory.dat: sha256=6cbe20dcdf9fb2e2d4a686b73ee14492da98f19885e5179137ee422ba3cd02d9 size=86774364 HASH=OK SIZE=OK
   hinge_energy.dat: sha256=bbe7d17500bf17461f9d9d30d3776b8c465615c36dd7ca0b09e1227224303ff5 size=73549 HASH=OK SIZE=OK
   last_conf.dat: sha256=b2d1bfd0d1114ed702198b2d49f4f17a5a11ac51c606dd7be33283af92656b84 size=2345023 HASH=OK SIZE=OK
-- PLATSENS-P1-32B-S003-R13 final=PLATSENS-P1-32B-S003-R13
   trajectory.dat: sha256=ae6ad10a2951b494617d6d700c6714ad227d519ca0555043c2d190c018c98734 size=86767598 HASH=OK SIZE=OK
   hinge_energy.dat: sha256=5e394916fc37a7b7a76b9a4f47228c8cbd5c63c53e54f583a1ef12efb2706254 size=73549 HASH=OK SIZE=OK
   last_conf.dat: sha256=620f6c75a4036b6c46f2b96a61e0970eb31076b853e4cbca8e200e9ad20e0ab2 size=2345064 HASH=OK SIZE=OK
-- PLATSENS-P1-32B-S004-R13 final=PLATSENS-P1-32B-S004-R13
   trajectory.dat: sha256=3c194ad9a25e085d7ce85d0ef96488a1495dc41bef313d30b47ab4fccd13c13a size=86770713 HASH=OK SIZE=OK
   hinge_energy.dat: sha256=ad9942f9281588690d47cf8a31030d0e6c7ad7cb27a75e65878390d66cbdde2b size=73549 HASH=OK SIZE=OK
   last_conf.dat: sha256=19fdfe44283e72c5d98d776da9c475eef049f75cec44c66faa4b893c63fbebaf size=2345159 HASH=OK SIZE=OK
-- PLATSENS-P1-32B-S005-R13 final=PLATSENS-P1-32B-S005-R13
   trajectory.dat: sha256=abbf68b689b6577fd575b07471161e6c8aca36982c987d1616161b1086a6260d size=86776887 HASH=OK SIZE=OK
   hinge_energy.dat: sha256=73d6e959a2d66bf7c961a13bff5483b2ff1af46387dba4f7e686c25f2b7f27b9 size=73549 HASH=OK SIZE=OK
   last_conf.dat: sha256=bb37d7dafb1d594ea54dffb66acaa963a61e03a644f50da7b5786015eb0852cc size=2344748 HASH=OK SIZE=OK
-- PLATSENS-P1-32B-S006-R13 final=PLATSENS-P1-32B-S006-R13
   trajectory.dat: sha256=6bce6a0004cd5b7d15f2ee364d8509c7729a2478ca48dc943fc256aed640f2df size=86776226 HASH=OK SIZE=OK
   hinge_energy.dat: sha256=01aae493f7c0232ac1161eeb3019433e810494d497cc2112f365cd13edea61fb size=73549 HASH=OK SIZE=OK
   last_conf.dat: sha256=b42bcb389268a79d2e537b9382aae3159f6986f929a3b7be930d3bafbc78aaac size=2344817 HASH=OK SIZE=OK
-- PLATSENS-P1-32B-S007 final=PLATSENS-P1-32B-S007
   trajectory.dat: sha256=dd03339871d1c7e2da12e76e71fa64f341c34dabec9dbf778121705c2373aa65 size=86769781 HASH=OK SIZE=OK
   hinge_energy.dat: sha256=e5fdec4d4c729e1841f027dbe0809d10bba84f4822bbe1a78612a61612c347e8 size=73549 HASH=OK SIZE=OK
   last_conf.dat: sha256=c60405807b18ae20d03cf5d20818f71a9afbfec0501623a14251fe4f67b4ef5e size=2345289 HASH=OK SIZE=OK
-- PLATSENS-P1-32B-S008 final=PLATSENS-P1-32B-S008
   trajectory.dat: sha256=2fad14f04a6ce7beaa751350adc25b936eae8dc98c65e6c05b70dc75973c16ee size=86776209 HASH=OK SIZE=OK
   hinge_energy.dat: sha256=fc6afeb1958e0a28f53b9df8d932f3c8e5eaede9a401e59e790fbfa1f06502c1 size=73549 HASH=OK SIZE=OK
   last_conf.dat: sha256=1ed7aaee47af1c1c50284217dcc75ffc2ebafdb990f0e6ce9301657a616d2f74 size=2345551 HASH=OK SIZE=OK
-- PLATSENS-P1-32B-S009 final=PLATSENS-P1-32B-S009
   trajectory.dat: sha256=01b9af36d18bc2eb5d369b9ef350cc5c2a829b54fb69431c474b311fa276e0fc size=86773334 HASH=OK SIZE=OK
   hinge_energy.dat: sha256=652a642a446df629407bb16e278be258c0cd16f226ed35b31be92eee2c3c3b0c size=73549 HASH=OK SIZE=OK
   last_conf.dat: sha256=d63d1dd95bdf42e211d011e6ebe36568ca4f95faf0c800ab659283decfc971f0 size=2344924 HASH=OK SIZE=OK
-- PLATSENS-P1-32B-S010 final=PLATSENS-P1-32B-S010
   trajectory.dat: sha256=c41d491700b4b17042e13e0eb11c4438ce0948c7dd547d9445205c07976c69dc size=86763958 HASH=OK SIZE=OK
   hinge_energy.dat: sha256=1326d1052041346860d2d6b6514755c432cbcd0de09dd090a0eb2b3a36d6febe size=73549 HASH=OK SIZE=OK
   last_conf.dat: sha256=3311354c338ac8e5aac591264dc51430ca5efb08bcc975d674e17a08852d2c22 size=2344833 HASH=OK SIZE=OK
== SUMMARY ==
RAW_HASHES = 60/60 PASS (0 fail)
RAW_SIZES  = 60/60 PASS (0 fail)
P1_RAW_EVIDENCE_REPLAY: ALL PASS
== DONE rc=0 ==
