	Command being timed: "/home/yurig/nl1-001/build-oxdna-cpu/bin/oxDNA quick_input_smoke"
	User time (seconds): 0.08
	System time (seconds): 0.02
	Percent of CPU this job got: 79%
	Elapsed (wall clock) time (h:mm:ss or m:ss): 0:00.13
	Average shared text size (kbytes): 0
	Average unshared data size (kbytes): 0
	Average stack size (kbytes): 0
	Average total size (kbytes): 0
	Maximum resident set size (kbytes): 6424
	Average resident set size (kbytes): 0
	Major (requiring I/O) page faults: 2
	Minor (reclaiming a frame) page faults: 241
	Voluntary context switches: 179
	Involuntary context switches: 0
	Swaps: 0
	File system inputs: 9146
	File system outputs: 0
	Socket messages sent: 0
	Socket messages received: 0
	Signals delivered: 0
	Page size (bytes): 4096
	Exit status: 0
