	Command being timed: "/home/yurig/verify-nl1-002-r2/build-oxdna-cpu/bin/oxDNA quick_input"
	User time (seconds): 0.10
	System time (seconds): 0.00
	Percent of CPU this job got: 81%
	Elapsed (wall clock) time (h:mm:ss or m:ss): 0:00.14
	Average shared text size (kbytes): 0
	Average unshared data size (kbytes): 0
	Average stack size (kbytes): 0
	Average total size (kbytes): 0
	Maximum resident set size (kbytes): 6620
	Average resident set size (kbytes): 0
	Major (requiring I/O) page faults: 2
	Minor (reclaiming a frame) page faults: 246
	Voluntary context switches: 177
	Involuntary context switches: 1
	Swaps: 0
	File system inputs: 8826
	File system outputs: 0
	Socket messages sent: 0
	Socket messages received: 0
	Signals delivered: 0
	Page size (bytes): 4096
	Exit status: 0
