-- The CXX compiler identification is GNU 13.3.0
-- Detecting CXX compiler ABI info
-- Detecting CXX compiler ABI info - done
-- Check for working CXX compiler: /usr/bin/c++ - skipped
-- Detecting CXX compile features
-- Detecting CXX compile features - done
-- The C compiler identification is GNU 13.3.0
-- Detecting C compiler ABI info
-- Detecting C compiler ABI info - done
-- Check for working C compiler: /usr/bin/cc - skipped
-- Detecting C compile features
-- Detecting C compile features - done
-- Performing Test COMPILER_SUPPORTS_MARCH_NATIVE
-- Performing Test COMPILER_SUPPORTS_MARCH_NATIVE - Success
-- Zstd support disabled
-- Found Git: /usr/bin/git (found version "2.43.0")
-- Could NOT find Doxygen (missing: DOXYGEN_EXECUTABLE) 
-- Adding the targets found in the /home/yurig/nanolab-platform-sensitivity-r1/P1/engine/oxdna-src/contrib/randisi folder
-- Adding the targets found in the /home/yurig/nanolab-platform-sensitivity-r1/P1/engine/oxdna-src/contrib/romano folder
-- Adding the targets found in the /home/yurig/nanolab-platform-sensitivity-r1/P1/engine/oxdna-src/contrib/rovigatti folder
-- Adding the targets found in the /home/yurig/nanolab-platform-sensitivity-r1/P1/engine/oxdna-src/contrib/tostiguerra folder
-- Configuring done (2.4s)
-- Generating done (0.1s)
-- Build files have been written to: /home/yurig/nanolab-platform-sensitivity-r1/P1/engine/build-oxdna-cpu
