	Command being timed: "/home/yurig/nl1-002/build-oxdna-cpu/bin/oxDNA quick_input"
	User time (seconds): 9.63
	System time (seconds): 1.66
	Percent of CPU this job got: 89%
	Elapsed (wall clock) time (h:mm:ss or m:ss): 0:12.56
	Average shared text size (kbytes): 0
	Average unshared data size (kbytes): 0
	Average stack size (kbytes): 0
	Average total size (kbytes): 0
	Maximum resident set size (kbytes): 6520
	Average resident set size (kbytes): 0
	Major (requiring I/O) page faults: 0
	Minor (reclaiming a frame) page faults: 246
	Voluntary context switches: 2277
	Involuntary context switches: 44
	Swaps: 0
	File system inputs: 10
	File system outputs: 0
	Socket messages sent: 0
	Socket messages received: 0
	Signals delivered: 0
	Page size (bytes): 4096
	Exit status: 0
